// Jest Snapshot v1, https://goo.gl/fbAQLP

exports[`pectin-core integration: cjs 1`] = `
"'use strict';

var svgTest = 'data:image/svg+xml;base64,dGVzdDs=';

function foo() {
  return svgTest;
}

module.exports = foo;
"
`;

exports[`pectin-core integration: esm 1`] = `
"var svgTest = 'data:image/svg+xml;base64,dGVzdDs=';

function foo() {
  return svgTest;
}

export default foo;
"
`;

exports[`pectin-core throws an error when no pkg.main supplied 1`] = `"required field 'main' missing in package.json"`;
